ffmpeg version 6.1.1-3ubuntu5 Copyright (c) 2000-2023 the FFmpeg developers
  built with gcc 13 (Ubuntu 13.2.0-23ubuntu3)
  configuration: --prefix=/usr --extra-version=3ubuntu5 --toolchain=hardened --libdir=/usr/lib/x86_64-linux-gnu --incdir=/usr/include/x86_64-linux-gnu --arch=amd64 --enable-gpl --disable-stripping --disable-omx --enable-gnutls --enable-libaom --enable-libass --enable-libbs2b --enable-libcaca --enable-libcdio --enable-libcodec2 --enable-libdav1d --enable-libflite --enable-libfontconfig --enable-libfreetype --enable-libfribidi --enable-libglslang --enable-libgme --enable-libgsm --enable-libharfbuzz --enable-libmp3lame --enable-libmysofa --enable-libopenjpeg --enable-libopenmpt --enable-libopus --enable-librubberband --enable-libshine --enable-libsnappy --enable-libsoxr --enable-libspeex --enable-libtheora --enable-libtwolame --enable-libvidstab --enable-libvorbis --enable-libvpx --enable-libwebp --enable-libx265 --enable-libxml2 --enable-libxvid --enable-libzimg --enable-openal --enable-opencl --enable-opengl --disable-sndio --enable-libvpl --disable-libmfx --enable-libdc1394 --enable-libdrm --enable-libiec61883 --enable-chromaprint --enable-frei0r --enable-ladspa --enable-libbluray --enable-libjack --enable-libpulse --enable-librabbitmq --enable-librist --enable-libsrt --enable-libssh --enable-libsvtav1 --enable-libx264 --enable-libzmq --enable-libzvbi --enable-lv2 --enable-sdl2 --enable-libplacebo --enable-librav1e --enable-pocketsphinx --enable-librsvg --enable-libjxl --enable-shared
  libavutil      58. 29.100 / 58. 29.100
  libavcodec     60. 31.102 / 60. 31.102
  libavformat    60. 16.100 / 60. 16.100
  libavdevice    60.  3.100 / 60.  3.100
  libavfilter     9. 12.100 /  9. 12.100
  libswscale      7.  5.100 /  7.  5.100
  libswresample   4. 12.100 /  4. 12.100
  libpostproc    57.  3.100 / 57.  3.100
Input #0, mov,mp4,m4a,3gp,3g2,mj2, from 'pdf-howto-titled.mp4':
  Metadata:
    major_brand     : isom
    minor_version   : 512
    compatible_brands: isomiso2avc1mp41
    encoder         : Lavf60.16.100
  Duration: 00:00:30.13, start: 0.000000, bitrate: 1285 kb/s
  Stream #0:0[0x1](und): Video: h264 (Constrained Baseline) (avc1 / 0x31637661), yuv420p(tv, bt709, progressive), 1920x1080 [SAR 1:1 DAR 16:9], 1146 kb/s, 30 fps, 30 tbr, 15360 tbn (default)
    Metadata:
      handler_name    : OBS Video Handler
      vendor_id       : [0][0][0][0]
      encoder         : Lavc60.31.102 libx264
  Stream #0:1[0x2](und): Audio: aac (LC) (mp4a / 0x6134706D), 48000 Hz, stereo, fltp, 128 kb/s (default)
    Metadata:
      handler_name    : OBS Audio Handler
      vendor_id       : [0][0][0][0]
[s16le @ 0x6345beabdcc0] Estimating duration from bitrate, this may be inaccurate
[aist#1:0/pcm_s16le @ 0x6345beb78dc0] Guessed Channel Layout: mono
Input #1, s16le, from 'vo.pcm':
  Duration: 00:00:21.84, bitrate: 384 kb/s
  Stream #1:0: Audio: pcm_s16le, 24000 Hz, 1 channels, s16, 384 kb/s
Stream mapping:
  Stream #1:0 (pcm_s16le) -> adelay:default
  Stream #0:0 -> #0:0 (copy)
  apad:default -> Stream #0:1 (aac)
Press [q] to stop, [?] for help
[aac @ 0x6345beb7e940] Too many bits 6826.666667 > 6144 per frame requested, clamping to max
Output #0, mp4, to 'pdf-howto-final.mp4':
  Metadata:
    major_brand     : isom
    minor_version   : 512
    compatible_brands: isomiso2avc1mp41
    encoder         : Lavf60.16.100
  Stream #0:0(und): Video: h264 (Constrained Baseline) (avc1 / 0x31637661), yuv420p(tv, bt709, progressive), 1920x1080 [SAR 1:1 DAR 16:9], q=2-31, 1146 kb/s, 30 fps, 30 tbr, 15360 tbn (default)
    Metadata:
      handler_name    : OBS Video Handler
      vendor_id       : [0][0][0][0]
      encoder         : Lavc60.31.102 libx264
  Stream #0:1: Audio: aac (LC) (mp4a / 0x6134706D), 24000 Hz, mono, fltp, 144 kb/s
    Metadata:
      encoder         : Lavc60.31.102 aac
size=       0kB time=-00:00:00.04 bitrate=  -0.0kbits/s speed=N/A    size=    3072kB time=00:00:17.50 bitrate=1438.1kbits/s speed=34.9x    [out#0/mp4 @ 0x6345beb7ccc0] video:4217kB audio:292kB subtitle:0kB other streams:0kB global headers:0kB muxing overhead: 0.395715%
size=    4527kB time=00:00:30.46 bitrate=1217.4kbits/s speed=44.3x    
[aac @ 0x6345beb7e940] Qavg: 65463.328
